---
source: pressa-tui/tests/editor_snapshots.rs
expression: "draw(80, 24, &refused()).backend()"
---
"┌ pressa › Posts › New ────────────────────────────────────────────────────────┐"
"├────────────────────┬─────────────────────────────────────────────────────────┤"
"│ Collections        │ ▸Title *                                                │"
"│                    │    —                                                    │"
"│ > Posts            │  ⚠ required                                             │"
"│                    │                                                         │"
"│                    │  Slug *                                                 │"
"│                    │    —                                                    │"
"│                    │  ⚠ required                                             │"
"│                    │                                                         │"
"│                    │  Status *        ‹ — ›                                  │"
"│                    │  ⚠ required                                             │"
"│                    │                                                         │"
"│                    │  Content                                                │"
"│                    │    —                                                    │"
"│                    │                                                         │"
"│                    │  Views                                                  │"
"│                    │    —                                                    │"
"│                    │                                               ↓ 3 more  │"
"├────────────────────┴─────────────────────────────────────────────────────────┤"
"│ 3 fields need attention                                                      │"
"├──────────────────────────────────────────────────────────────────────────────┤"
"│ Tab Next   Enter Edit   Ctrl+S Save   Esc Back                               │"
"└──────────────────────────────────────────────────────────────────────────────┘"
