---
source: pressa-tui/tests/list_snapshots.rs
expression: "draw(80, 24, &state).backend()"
---
"┌ pressa › Posts ──────────────────────────────────────────────── 0 records ───┐"
"├────────────────────┬─────────────────────────────────────────────────────────┤"
"│ Collections        │  TITLE              STATUS             VIEWS            │"
"│                    │ ─────────────────────────────────────────────────────── │"
"│ > Posts            │                                                         │"
"│                    │   No records yet.                                       │"
"│                    │                                                         │"
"│                    │                                                         │"
"│                    │                                                         │"
"│                    │                                                         │"
"│                    │                                                         │"
"│                    │                                                         │"
"│                    │                                                         │"
"│                    │                                                         │"
"│                    │                                                         │"
"│                    │                                                         │"
"│                    │                                                         │"
"│                    │                                                         │"
"│                    │                                                         │"
"├────────────────────┴─────────────────────────────────────────────────────────┤"
"│                                                                              │"
"├──────────────────────────────────────────────────────────────────────────────┤"
"│ ↑↓ Navigate   Esc Back                                                       │"
"└──────────────────────────────────────────────────────────────────────────────┘"
