---
source: pressa-tui/tests/list_snapshots.rs
expression: "draw(80, 24, &state).backend()"
---
"┌ pressa › Posts ──────────────────────────────────────────────────────────────┐"
"├────────────────────┬─────────────────────────────────────────────────────────┤"
"│ Collections        │  TITLE              STATUS             VIEWS            │"
"│                    │ ─────────────────────────────────────────────────────── │"
"│ > Posts            │                                                         │"
"│                    │   Could not load records.  Press r to retry.            │"
"│                    │                                                         │"
"│                    │                                                         │"
"│                    │                                                         │"
"│                    │                                                         │"
"│                    │                                                         │"
"│                    │                                                         │"
"│                    │                                                         │"
"│                    │                                                         │"
"│                    │                                                         │"
"│                    │                                                         │"
"│                    │                                                         │"
"│                    │                                                         │"
"│                    │                                                         │"
"├────────────────────┴─────────────────────────────────────────────────────────┤"
"│ ⚠ database error: disk I/O error                                             │"
"├──────────────────────────────────────────────────────────────────────────────┤"
"│ ↑↓ Navigate   Esc Back                                                       │"
"└──────────────────────────────────────────────────────────────────────────────┘"
