---
source: pressa-tui/tests/list_snapshots.rs
assertion_line: 238
expression: "draw(60, 16, &state).backend()"
---
"┌ pressa › Entries ─────────────────────────── 1 record ───┐"
"├────────────────────┬─────────────────────────────────────┤"
"│ Collections        │  TITLE   STATUS  CONTE…  VIEWS   +3 │"
"│                    │ ─────────────────────────────────── │"
"│ > Entries          │ ▸Relea…  publi…  Every…  1024       │"
"│                    │                                     │"
"│                    │                                     │"
"│                    │                                     │"
"│                    │                                     │"
"│                    │                                     │"
"│                    │                                     │"
"├────────────────────┴─────────────────────────────────────┤"
"│                                                          │"
"├──────────────────────────────────────────────────────────┤"
"│ ↑↓ Navigate   Enter Edit   n New   Esc Back              │"
"└──────────────────────────────────────────────────────────┘"
