---
source: pressa-tui/tests/shell_snapshots.rs
assertion_line: 157
expression: "draw(80, 24, &state).backend()"
---
"┌ pressa › Posts ──────────────────────────────────────────────────────────────┐"
"├────────────────────┬─────────────────────────────────────────────────────────┤"
"│ Collections        │                                                         │"
"│                    │                                                         │"
"│ > Posts            │                                                         │"
"│                    │                                                         │"
"│                    │                                                         │"
"│                    │                                                         │"
"│                    │                                                         │"
"│                    │                                                         │"
"│                    │              The list view arrives in T8.               │"
"│                    │                                                         │"
"│                    │                                                         │"
"│                    │                                                         │"
"│                    │                                                         │"
"│                    │                                                         │"
"│                    │                                                         │"
"│                    │                                                         │"
"│                    │                                                         │"
"├────────────────────┴─────────────────────────────────────────────────────────┤"
"│                                                                              │"
"├──────────────────────────────────────────────────────────────────────────────┤"
"│ Esc Back                                                                     │"
"└──────────────────────────────────────────────────────────────────────────────┘"
